exports[`test renders correctly 1`] = `
<form
  onSubmit={[Function]} />
`;
